<?xml version="1.0" encoding="UTF-8"?>
<TestRun id="6feee0ec-abc2-4bba-8a75-e8d4a32d7a48" name="ac-vgomes@AC-VCGOMES-PC 2016-04-29 17:38:21" runUser="AC-VCGOMES-PC\ac-vgomes" xmlns="http://microsoft.com/schemas/VisualStudio/TeamTest/2010">
  <TestSettings name="Default Test Settings" id="56a64d8e-7665-4211-a5ce-1c2bd76b46ce">
    <Deployment runDeploymentRoot="ac-vgomes_AC-VCGOMES-PC 2016-04-29 17_38_21">
      <DeploymentItem filename="D:\Victor\Projects\MvcJenkinsTest\packages\Microsoft.Net.Http.2.0.20710.0\lib\net40\System.Net.Http.dll" />
      <DeploymentItem filename="D:\Victor\Projects\MvcJenkinsTest\packages\Microsoft.AspNet.WebPages.2.0.20710.0\lib\net40\System.Web.Helpers.dll" />
      <DeploymentItem filename="D:\Victor\Projects\MvcJenkinsTest\packages\Newtonsoft.Json.4.5.6\lib\net40\Newtonsoft.Json.dll" />
      <DeploymentItem filename="D:\Victor\Projects\MvcJenkinsTest\packages\Microsoft.AspNet.WebPages.2.0.20710.0\lib\net40\System.Web.WebPages.Deployment.dll" />
      <DeploymentItem filename="D:\Victor\Projects\MvcJenkinsTest\packages\Microsoft.AspNet.Mvc.4.0.20710.0\lib\net40\System.Web.Mvc.dll" />
      <DeploymentItem filename="D:\Victor\Projects\MvcJenkinsTest\MvcJenkinsTest\bin\MvcJenkinsTest.dll" />
      <DeploymentItem filename="D:\Victor\Projects\MvcJenkinsTest\packages\Microsoft.AspNet.Razor.2.0.20710.0\lib\net40\System.Web.Razor.dll" />
      <DeploymentItem filename="D:\Victor\Projects\MvcJenkinsTest\packages\Microsoft.AspNet.WebPages.2.0.20710.0\lib\net40\System.Web.WebPages.dll" />
      <DeploymentItem filename="D:\Victor\Projects\MvcJenkinsTest\packages\Microsoft.Net.Http.2.0.20710.0\lib\net40\System.Net.Http.WebRequest.dll" />
      <DeploymentItem filename="D:\Victor\Projects\MvcJenkinsTest\packages\Microsoft.AspNet.WebPages.2.0.20710.0\lib\net40\System.Web.WebPages.Razor.dll" />
      <DeploymentItem filename="D:\Victor\Projects\MvcJenkinsTest\packages\Microsoft.Web.Infrastructure.1.0.0.0\lib\net40\Microsoft.Web.Infrastructure.dll" />
    </Deployment>
    <Execution>
      <TestTypeSpecific />
      <AgentRule name="Execution Agents">
      </AgentRule>
    </Execution>
  </TestSettings>
  <Times creation="2016-04-29T17:38:21.0656655-03:00" queuing="2016-04-29T17:38:21.1856723-03:00" start="2016-04-29T17:38:21.1916727-03:00" finish="2016-04-29T17:38:21.3366810-03:00" />
  <ResultSummary outcome="Warning">
    <Counters total="1" executed="1" passed="1" error="0" failed="0" timeout="0" aborted="0" inconclusive="0" passedButRunAborted="0" notRunnable="0" notExecuted="0" disconnected="0" warning="0" completed="0" inProgress="0" pending="0" />
    <RunInfos>
      <RunInfo computerName="AC-VCGOMES-PC" outcome="Warning" timestamp="2016-04-29T17:38:21.1846723-03:00">
        <Text>Warning: Test Run deployment issue: The assembly or module 'log4net' directly or indirectly referenced by the test container 'd:\victor\projects\mvcjenkinstest\mvcjenkinstest.tests\bin\debug\mvcjenkinstest.tests.dll' was not found.</Text>
      </RunInfo>
      <RunInfo computerName="AC-VCGOMES-PC" outcome="Warning" timestamp="2016-04-29T17:38:21.1846723-03:00">
        <Text>Warning: Test Run deployment issue: The assembly or module 'Org.Mentalis.Security.Cryptography' directly or indirectly referenced by the test container 'd:\victor\projects\mvcjenkinstest\mvcjenkinstest.tests\bin\debug\mvcjenkinstest.tests.dll' was not found.</Text>
      </RunInfo>
    </RunInfos>
  </ResultSummary>
  <TestDefinitions>
    <UnitTest name="Index" storage="d:\victor\projects\mvcjenkinstest\mvcjenkinstest.tests\bin\debug\mvcjenkinstest.tests.dll" id="10da58ef-8fc6-49ac-832f-2d2ee50b175d">
      <Execution id="abf6f73d-0877-40fe-b22f-f324dfaa0aec" />
      <TestMethod codeBase="D:/Victor/Projects/MvcJenkinsTest/MvcJenkinsTest.Tests/bin/Debug/MvcJenkinsTest.Tests.DLL" adapterTypeName="Microsoft.VisualStudio.TestTools.TestTypes.Unit.UnitTestAdapter, Microsoft.VisualStudio.QualityTools.Tips.UnitTest.Adapter, Version=10.0.0.0, Culture=neutral, PublicKeyToken=b03f5f7f11d50a3a" className="MvcJenkinsTest.Tests.Controllers.HomeControllerTest, MvcJenkinsTest.Tests, Version=1.0.0.0, Culture=neutral, PublicKeyToken=null" name="Index" />
    </UnitTest>
  </TestDefinitions>
  <TestLists>
    <TestList name="Results Not in a List" id="8c84fa94-04c1-424b-9868-57a2d4851a1d" />
    <TestList name="All Loaded Results" id="19431567-8539-422a-85d7-44ee4e166bda" />
  </TestLists>
  <TestEntries>
    <TestEntry testId="10da58ef-8fc6-49ac-832f-2d2ee50b175d" executionId="abf6f73d-0877-40fe-b22f-f324dfaa0aec" testListId="8c84fa94-04c1-424b-9868-57a2d4851a1d" />
  </TestEntries>
  <Results>
    <UnitTestResult executionId="abf6f73d-0877-40fe-b22f-f324dfaa0aec" testId="10da58ef-8fc6-49ac-832f-2d2ee50b175d" testName="Index" computerName="AC-VCGOMES-PC" duration="00:00:00.0251993" startTime="2016-04-29T17:38:21.1926727-03:00" endTime="2016-04-29T17:38:21.3266804-03:00" testType="13cdc9d9-ddb5-4fa4-a97d-d965ccfc6d4b" outcome="Passed" testListId="8c84fa94-04c1-424b-9868-57a2d4851a1d" relativeResultsDirectory="abf6f73d-0877-40fe-b22f-f324dfaa0aec">
    </UnitTestResult>
  </Results>
</TestRun>